// Jest Snapshot v1, https://goo.gl/fbAQLP

exports[`<Copyright /> should render correctly 1`] = `
<p
  className="MuiTypography-root MuiTypography-body2 MuiTypography-colorTextSecondary MuiTypography-alignCenter"
>
  Â© 
  2021
   
  wkamuy
  .
</p>
`;
